{"timestamp":"2026-04-21T21:56:26.007Z","level":"INFO","message":"Database connection test successful"}
{"timestamp":"2026-04-21T21:56:26.010Z","level":"INFO","message":"Database connection established successfully"}
{"timestamp":"2026-04-29T10:46:41.330Z","level":"INFO","message":"Database connection test successful"}
{"timestamp":"2026-04-29T10:46:41.337Z","level":"INFO","message":"Database connection established successfully"}
{"timestamp":"2026-04-29T10:46:41.344Z","level":"INFO","message":"Cart service started successfully","port":3003,"environment":"development","version":"1.0.0"}
{"timestamp":"2026-04-29T10:46:47.633Z","level":"INFO","message":"Request completed","method":"GET","url":"/health","status":200,"duration":"9ms","ip":"::1","userAgent":"Mozilla/5.0 (Windows NT; Windows NT 10.0; en-CA) WindowsPowerShell/5.1.26100.7920"}
{"timestamp":"2026-04-29T15:59:08.222Z","level":"INFO","message":"Database connection test successful"}
{"timestamp":"2026-04-29T15:59:08.228Z","level":"INFO","message":"Database connection established successfully"}
{"timestamp":"2026-04-29T15:59:08.235Z","level":"INFO","message":"Cart service started successfully","port":"3003","environment":"development","version":"1.0.0"}
{"timestamp":"2026-04-29T15:59:22.710Z","level":"INFO","message":"Request completed","requestId":"1777478362702-2yzof4ky","method":"GET","url":"/aaaaaaaa-aaaa-aaaa-aaaa-aaaaaaaaaaaa","status":401,"duration":"5ms","ip":"::1","userAgent":"Mozilla/5.0 (Windows NT; Windows NT 10.0; en-CA) WindowsPowerShell/5.1.26100.7920"}
{"timestamp":"2026-04-29T16:00:44.597Z","level":"INFO","message":"Request completed","requestId":"1777478444591-flmfbldt","method":"GET","url":"/a502a640-3d79-47be-960b-20d7052544b4","status":403,"duration":"6ms","ip":"::1","userAgent":"Mozilla/5.0 (Windows NT; Windows NT 10.0; en-CA) WindowsPowerShell/5.1.26100.7920"}
{"timestamp":"2026-04-29T16:00:44.602Z","level":"INFO","message":"Request completed","requestId":"1777478444600-zrkssk49","method":"GET","url":"/aaaaaaaa-aaaa-aaaa-aaaa-aaaaaaaaaaaa","status":403,"duration":"2ms","ip":"::1","userAgent":"Mozilla/5.0 (Windows NT; Windows NT 10.0; en-CA) WindowsPowerShell/5.1.26100.7920"}
{"timestamp":"2026-04-29T16:00:53.158Z","level":"INFO","message":"Request completed","requestId":"1777478453153-k2l6g8zl","method":"GET","url":"/a6c37f23-080e-4f5a-82c7-c05d45006c83","status":403,"duration":"4ms","ip":"::1","userAgent":"Mozilla/5.0 (Windows NT; Windows NT 10.0; en-CA) WindowsPowerShell/5.1.26100.7920"}
{"timestamp":"2026-04-29T16:01:00.597Z","level":"INFO","message":"Request completed","requestId":"1777478460593-3r30je8s","method":"GET","url":"/bf8c0c97-a205-4849-ae0e-89fda34aab75","status":403,"duration":"3ms","ip":"::1","userAgent":"Mozilla/5.0 (Windows NT; Windows NT 10.0; en-CA) WindowsPowerShell/5.1.26100.7920"}
{"timestamp":"2026-04-29T16:01:25.143Z","level":"INFO","message":"Database connection test successful"}
{"timestamp":"2026-04-29T16:01:25.145Z","level":"INFO","message":"Database connection established successfully"}
{"timestamp":"2026-04-29T16:01:25.148Z","level":"INFO","message":"Cart service started successfully","port":"3003","environment":"development","version":"1.0.0"}
{"timestamp":"2026-04-29T16:01:31.627Z","level":"INFO","message":"Request completed","requestId":"1777478491590-rd5mjn87","method":"GET","url":"/a1b28864-b4a1-4574-817d-026a45f97fe1","status":403,"duration":"27ms","ip":"::1","userAgent":"Mozilla/5.0 (Windows NT; Windows NT 10.0; en-CA) WindowsPowerShell/5.1.26100.7920"}
{"timestamp":"2026-04-29T16:01:31.643Z","level":"INFO","message":"Request completed","requestId":"1777478491638-q9nl7fir","method":"GET","url":"/aaaaaaaa-aaaa-aaaa-aaaa-aaaaaaaaaaaa","status":403,"duration":"4ms","ip":"::1","userAgent":"Mozilla/5.0 (Windows NT; Windows NT 10.0; en-CA) WindowsPowerShell/5.1.26100.7920"}
{"timestamp":"2026-04-29T16:02:21.508Z","level":"INFO","message":"Database connection test successful"}
{"timestamp":"2026-04-29T16:02:21.513Z","level":"INFO","message":"Database connection established successfully"}
{"timestamp":"2026-04-29T16:02:21.520Z","level":"INFO","message":"Cart service started successfully","port":"3003","environment":"development","version":"1.0.0"}
{"timestamp":"2026-04-29T16:02:27.916Z","level":"INFO","message":"Cart retrieved successfully","userId":"f6df9b0c-015d-4f2c-9ed4-3220b9a35d50","itemCount":0,"total":0}
{"timestamp":"2026-04-29T16:02:27.937Z","level":"INFO","message":"Request completed","requestId":"1777478547830-vmrrxwak","method":"GET","url":"/f6df9b0c-015d-4f2c-9ed4-3220b9a35d50","status":200,"duration":"99ms","ip":"::1","userAgent":"Mozilla/5.0 (Windows NT; Windows NT 10.0; en-CA) WindowsPowerShell/5.1.26100.7920"}
{"timestamp":"2026-04-29T16:02:27.959Z","level":"INFO","message":"Request completed","requestId":"1777478547950-fudg0ho1","method":"GET","url":"/aaaaaaaa-aaaa-aaaa-aaaa-aaaaaaaaaaaa","status":403,"duration":"7ms","ip":"::1","userAgent":"Mozilla/5.0 (Windows NT; Windows NT 10.0; en-CA) WindowsPowerShell/5.1.26100.7920"}
{"timestamp":"2026-04-30T12:22:30.049Z","level":"INFO","message":"Request completed","requestId":"1777551750000-dknu2uyb","method":"GET","url":"/health","status":200,"duration":"26ms","ip":"::1","userAgent":"Mozilla/5.0 (Windows NT; Windows NT 10.0; en-CA) WindowsPowerShell/5.1.26100.7920"}
{"timestamp":"2026-04-30T13:30:59.260Z","level":"INFO","message":"Database connection test successful"}
{"timestamp":"2026-04-30T13:30:59.264Z","level":"INFO","message":"Database connection established successfully"}
{"timestamp":"2026-04-30T13:30:59.270Z","level":"INFO","message":"Cart service started successfully","port":"3003","environment":"development","version":"1.0.0"}
{"timestamp":"2026-04-30T13:31:24.443Z","level":"INFO","message":"Request completed","requestId":"1777555884422-70idwfdb","method":"GET","url":"/11111111-1111-1111-1111-111111111111","status":401,"duration":"8ms","ip":"::ffff:127.0.0.1"}
{"timestamp":"2026-04-30T13:31:24.493Z","level":"INFO","message":"Request completed","requestId":"1777555884488-kfu0luzy","method":"GET","url":"/11111111-1111-1111-1111-111111111111","status":403,"duration":"3ms","ip":"::ffff:127.0.0.1"}
{"timestamp":"2026-04-30T14:22:54.342Z","level":"INFO","message":"Request completed","requestId":"1777558974323-n3hgx7xf","method":"GET","url":"/11111111-1111-1111-1111-111111111111","status":401,"duration":"10ms","ip":"::ffff:127.0.0.1"}
{"timestamp":"2026-04-30T14:22:54.382Z","level":"INFO","message":"Request completed","requestId":"1777558974377-rzidy1sq","method":"GET","url":"/11111111-1111-1111-1111-111111111111","status":403,"duration":"4ms","ip":"::ffff:127.0.0.1"}
{"timestamp":"2026-05-07T09:59:38.209Z","level":"INFO","message":"Database connection test successful"}
{"timestamp":"2026-05-07T09:59:38.219Z","level":"INFO","message":"Database connection established successfully"}
{"timestamp":"2026-05-07T09:59:38.229Z","level":"INFO","message":"Cart service started successfully","port":"3003","environment":"development","version":"1.0.0"}
{"timestamp":"2026-05-07T10:05:25.533Z","level":"INFO","message":"Request completed","requestId":"1778148325447-bn5guyyy","method":"GET","url":"/health","status":200,"duration":"55ms","ip":"::1","userAgent":"Mozilla/5.0 (Windows NT; Windows NT 10.0; en-CA) WindowsPowerShell/5.1.26100.7920"}
